
> frontend@0.0.0 build
> vite build

[36mvite v7.3.1 [32mbuilding client environment for production...[36m[39m
transforming...
[32m✓[39m 103 modules transformed.
[31m✗[39m Build failed in 2.65s
[31merror during build:
[31m[vite:react-babel] C:\Providence_CMS\CMS_Frontend\src\pages\common\CaseDetails.tsx: Expecting Unicode escape sequence \uXXXX. (11:8)

[0m [90m  9 |[31m     [33mArrowUpRight[31m[33m,[31m [33mMapPin[31m[33m,[31m [33mCalendar[31m[33m,[31m [33mBuilding2[31m[33m,[31m [33mUser[31m[33m,[31m
 [90m 10 |[31m     [33mShield[31m[33m,[31m [33mMessageSquare[31m[33m,[31m [33mSend[31m[33m,[31m [33mLoader2[31m[33m,[31m [33mPlus[31m[33m,[31m [33mUpload[31m[33m,[31m [33mX[31m
[31m[1m>[22m[31m[90m 11 |[31m } [36mfrom[31m [37m[41m[1m\[22m[49m[31m[32m'lucide-react\';[31m
 [90m    |[31m         [31m[1m^[22m[31m
 [90m 12 |[31m [36mimport[31m { useAuthStore } [36mfrom[31m [32m'../../store/auth.store'[31m[33m;[31m
 [90m 13 |[31m [36mimport[31m { useCaseDetails[33m,[31m useCaseTimeline } [36mfrom[31m [32m'../../hooks/useIncidents'[31m[33m;[31m
 [90m 14 |[31m [36mimport[31m [33mAssignmentModal[31m [36mfrom[31m [32m'../../components/incident/AssignmentModal'[31m[33m;[31m[0m[31m
file: [36mC:/Providence_CMS/CMS_Frontend/src/pages/common/CaseDetails.tsx:11:8[31m
    at constructor (C:\Providence_CMS\CMS_Frontend\node_modules\@babel\parser\lib\index.js:365:19)
    at TypeScriptParserMixin.raise (C:\Providence_CMS\CMS_Frontend\node_modules\@babel\parser\lib\index.js:6599:19)
    at TypeScriptParserMixin.readWord1 (C:\Providence_CMS\CMS_Frontend\node_modules\@babel\parser\lib\index.js:6559:16)
    at TypeScriptParserMixin.readWord (C:\Providence_CMS\CMS_Frontend\node_modules\@babel\parser\lib\index.js:6579:23)
    at TypeScriptParserMixin.getTokenFromCode (C:\Providence_CMS\CMS_Frontend\node_modules\@babel\parser\lib\index.js:6298:14)
    at TypeScriptParserMixin.getTokenFromCode (C:\Providence_CMS\CMS_Frontend\node_modules\@babel\parser\lib\index.js:4797:11)
    at TypeScriptParserMixin.getTokenFromCode (C:\Providence_CMS\CMS_Frontend\node_modules\@babel\parser\lib\index.js:9977:11)
    at TypeScriptParserMixin.nextToken (C:\Providence_CMS\CMS_Frontend\node_modules\@babel\parser\lib\index.js:5782:10)
    at TypeScriptParserMixin.next (C:\Providence_CMS\CMS_Frontend\node_modules\@babel\parser\lib\index.js:5692:10)
    at TypeScriptParserMixin.eatContextual (C:\Providence_CMS\CMS_Frontend\node_modules\@babel\parser\lib\index.js:6868:12)
    at TypeScriptParserMixin.expectContextual (C:\Providence_CMS\CMS_Frontend\node_modules\@babel\parser\lib\index.js:6874:15)
    at TypeScriptParserMixin.parseImportSpecifiersAndAfter (C:\Providence_CMS\CMS_Frontend\node_modules\@babel\parser\lib\index.js:14233:10)
    at TypeScriptParserMixin.parseImport (C:\Providence_CMS\CMS_Frontend\node_modules\@babel\parser\lib\index.js:14225:17)
    at TypeScriptParserMixin.parseImport (C:\Providence_CMS\CMS_Frontend\node_modules\@babel\parser\lib\index.js:9353:26)
    at TypeScriptParserMixin.parseStatementContent (C:\Providence_CMS\CMS_Frontend\node_modules\@babel\parser\lib\index.js:12866:27)
    at TypeScriptParserMixin.parseStatementContent (C:\Providence_CMS\CMS_Frontend\node_modules\@babel\parser\lib\index.js:9508:18)
    at TypeScriptParserMixin.parseStatementLike (C:\Providence_CMS\CMS_Frontend\node_modules\@babel\parser\lib\index.js:12757:17)
    at TypeScriptParserMixin.parseModuleItem (C:\Providence_CMS\CMS_Frontend\node_modules\@babel\parser\lib\index.js:12734:17)
    at TypeScriptParserMixin.parseBlockOrModuleBlockBody (C:\Providence_CMS\CMS_Frontend\node_modules\@babel\parser\lib\index.js:13306:36)
    at TypeScriptParserMixin.parseBlockBody (C:\Providence_CMS\CMS_Frontend\node_modules\@babel\parser\lib\index.js:13299:10)
    at TypeScriptParserMixin.parseProgram (C:\Providence_CMS\CMS_Frontend\node_modules\@babel\parser\lib\index.js:12612:10)
    at TypeScriptParserMixin.parseTopLevel (C:\Providence_CMS\CMS_Frontend\node_modules\@babel\parser\lib\index.js:12602:25)
    at TypeScriptParserMixin.parse (C:\Providence_CMS\CMS_Frontend\node_modules\@babel\parser\lib\index.js:14478:25)
    at TypeScriptParserMixin.parse (C:\Providence_CMS\CMS_Frontend\node_modules\@babel\parser\lib\index.js:10116:18)
    at parse (C:\Providence_CMS\CMS_Frontend\node_modules\@babel\parser\lib\index.js:14512:38)
    at parser (C:\Providence_CMS\CMS_Frontend\node_modules\@babel\core\lib\parser\index.js:41:34)
    at parser.next (<anonymous>)
    at normalizeFile (C:\Providence_CMS\CMS_Frontend\node_modules\@babel\core\lib\transformation\normalize-file.js:64:37)
    at normalizeFile.next (<anonymous>)
    at run (C:\Providence_CMS\CMS_Frontend\node_modules\@babel\core\lib\transformation\index.js:22:50)
    at run.next (<anonymous>)
    at transform (C:\Providence_CMS\CMS_Frontend\node_modules\@babel\core\lib\transform.js:22:33)
    at transform.next (<anonymous>)
    at step (C:\Providence_CMS\CMS_Frontend\node_modules\gensync\index.js:261:32)
    at evaluateAsync (C:\Providence_CMS\CMS_Frontend\node_modules\gensync\index.js:291:5)
    at C:\Providence_CMS\CMS_Frontend\node_modules\gensync\index.js:93:9
    at new Promise (<anonymous>)
    at async (C:\Providence_CMS\CMS_Frontend\node_modules\gensync\index.js:92:14)
    at stopHiding - secret - don't use this - v1 (C:\Providence_CMS\CMS_Frontend\node_modules\@babel\core\lib\errors\rewrite-stack-trace.js:47:12)
    at Module.transformAsync (C:\Providence_CMS\CMS_Frontend\node_modules\@babel\core\lib\transform.js:43:77)
    at Object.handler (file:///C:/Providence_CMS/CMS_Frontend/node_modules/@vitejs/plugin-react/dist/index.js:206:46)[39m
